{"sequenceNumber":1,"operation":"CREATE_TABLE","tableName":"t","payload":{"tableName":"t","columns":[{"name":"id","type":"INTEGER","primaryKey":true,"notNull":false},{"name":"name","type":"VARCHAR","primaryKey":false,"notNull":true}]},"timestampMs":1789633207463}
{"sequenceNumber":2,"operation":"INSERT","tableName":"t","payload":{"id":1,"name":null},"timestampMs":1789633207499}
{"sequenceNumber":3,"operation":"INSERT","tableName":"t","payload":{"id":1,"name":"Ada"},"timestampMs":1789633207543}
{"sequenceNumber":4,"operation":"DROP_TABLE","tableName":"t","payload":{"tableName":"t"},"timestampMs":1789633207596}
{"sequenceNumber":5,"operation":"INSERT","tableName":"employees","payload":{"name":"Zed","department":"NoSuchDept","salary":50000,"active":true},"timestampMs":1789633235495}
{"sequenceNumber":6,"operation":"DELETE","tableName":"employees","payload":{"id":9,"name":"Zed","department":"NoSuchDept","salary":50000,"active":true},"timestampMs":1789633235567}
{"sequenceNumber":7,"operation":"CREATE_TABLE","tableName":"big1","payload":{"tableName":"big1","columns":[{"name":"id","type":"INTEGER","primaryKey":true,"notNull":false},{"name":"v","type":"INTEGER","primaryKey":false,"notNull":false}]},"timestampMs":1789633253977}
{"sequenceNumber":8,"operation":"CREATE_TABLE","tableName":"big2","payload":{"tableName":"big2","columns":[{"name":"id","type":"INTEGER","primaryKey":true,"notNull":false},{"name":"v","type":"INTEGER","primaryKey":false,"notNull":false}]},"timestampMs":1789633253995}
{"sequenceNumber":9,"operation":"INSERT","tableName":"big1","payload":{"v":1},"timestampMs":1789633254012}
{"sequenceNumber":10,"operation":"INSERT","tableName":"big2","payload":{"v":1},"timestampMs":1789633254031}
{"sequenceNumber":11,"operation":"INSERT","tableName":"big1","payload":{"v":2},"timestampMs":1789633254050}
{"sequenceNumber":12,"operation":"INSERT","tableName":"big2","payload":{"v":2},"timestampMs":1789633254066}
{"sequenceNumber":13,"operation":"INSERT","tableName":"big1","payload":{"v":3},"timestampMs":1789633254084}
{"sequenceNumber":14,"operation":"INSERT","tableName":"big2","payload":{"v":3},"timestampMs":1789633254101}
{"sequenceNumber":15,"operation":"INSERT","tableName":"big1","payload":{"v":4},"timestampMs":1789633254118}
{"sequenceNumber":16,"operation":"INSERT","tableName":"big2","payload":{"v":4},"timestampMs":1789633254136}
{"sequenceNumber":17,"operation":"INSERT","tableName":"big1","payload":{"v":5},"timestampMs":1789633254152}
{"sequenceNumber":18,"operation":"INSERT","tableName":"big2","payload":{"v":5},"timestampMs":1789633254167}
{"sequenceNumber":19,"operation":"INSERT","tableName":"big1","payload":{"v":6},"timestampMs":1789633254182}
{"sequenceNumber":20,"operation":"INSERT","tableName":"big2","payload":{"v":6},"timestampMs":1789633254200}
{"sequenceNumber":21,"operation":"INSERT","tableName":"big1","payload":{"v":7},"timestampMs":1789633254216}
{"sequenceNumber":22,"operation":"INSERT","tableName":"big2","payload":{"v":7},"timestampMs":1789633254233}
{"sequenceNumber":23,"operation":"INSERT","tableName":"big1","payload":{"v":8},"timestampMs":1789633254249}
{"sequenceNumber":24,"operation":"INSERT","tableName":"big2","payload":{"v":8},"timestampMs":1789633254264}
{"sequenceNumber":25,"operation":"INSERT","tableName":"big1","payload":{"v":9},"timestampMs":1789633254280}
{"sequenceNumber":26,"operation":"INSERT","tableName":"big2","payload":{"v":9},"timestampMs":1789633254297}
{"sequenceNumber":27,"operation":"INSERT","tableName":"big1","payload":{"v":10},"timestampMs":1789633254312}
{"sequenceNumber":28,"operation":"INSERT","tableName":"big2","payload":{"v":10},"timestampMs":1789633254329}
{"sequenceNumber":29,"operation":"INSERT","tableName":"big1","payload":{"v":11},"timestampMs":1789633254345}
{"sequenceNumber":30,"operation":"INSERT","tableName":"big2","payload":{"v":11},"timestampMs":1789633254360}
{"sequenceNumber":31,"operation":"INSERT","tableName":"big1","payload":{"v":12},"timestampMs":1789633254378}
{"sequenceNumber":32,"operation":"INSERT","tableName":"big2","payload":{"v":12},"timestampMs":1789633254394}
{"sequenceNumber":33,"operation":"INSERT","tableName":"big1","payload":{"v":13},"timestampMs":1789633254410}
{"sequenceNumber":34,"operation":"INSERT","tableName":"big2","payload":{"v":13},"timestampMs":1789633254426}
{"sequenceNumber":35,"operation":"INSERT","tableName":"big1","payload":{"v":14},"timestampMs":1789633254444}
{"sequenceNumber":36,"operation":"INSERT","tableName":"big2","payload":{"v":14},"timestampMs":1789633254459}
{"sequenceNumber":37,"operation":"INSERT","tableName":"big1","payload":{"v":15},"timestampMs":1789633254474}
{"sequenceNumber":38,"operation":"INSERT","tableName":"big2","payload":{"v":15},"timestampMs":1789633254489}
{"sequenceNumber":39,"operation":"INSERT","tableName":"big1","payload":{"v":16},"timestampMs":1789633254503}
{"sequenceNumber":40,"operation":"INSERT","tableName":"big2","payload":{"v":16},"timestampMs":1789633254519}
{"sequenceNumber":41,"operation":"INSERT","tableName":"big1","payload":{"v":17},"timestampMs":1789633254535}
{"sequenceNumber":42,"operation":"INSERT","tableName":"big2","payload":{"v":17},"timestampMs":1789633254550}
{"sequenceNumber":43,"operation":"INSERT","tableName":"big1","payload":{"v":18},"timestampMs":1789633254565}
{"sequenceNumber":44,"operation":"INSERT","tableName":"big2","payload":{"v":18},"timestampMs":1789633254581}
{"sequenceNumber":45,"operation":"INSERT","tableName":"big1","payload":{"v":19},"timestampMs":1789633254596}
{"sequenceNumber":46,"operation":"INSERT","tableName":"big2","payload":{"v":19},"timestampMs":1789633254612}
{"sequenceNumber":47,"operation":"INSERT","tableName":"big1","payload":{"v":20},"timestampMs":1789633254628}
{"sequenceNumber":48,"operation":"INSERT","tableName":"big2","payload":{"v":20},"timestampMs":1789633254645}
{"sequenceNumber":49,"operation":"INSERT","tableName":"big1","payload":{"v":21},"timestampMs":1789633254660}
{"sequenceNumber":50,"operation":"INSERT","tableName":"big2","payload":{"v":21},"timestampMs":1789633254676}
{"sequenceNumber":51,"operation":"INSERT","tableName":"big1","payload":{"v":22},"timestampMs":1789633254691}
{"sequenceNumber":52,"operation":"INSERT","tableName":"big2","payload":{"v":22},"timestampMs":1789633254706}
{"sequenceNumber":53,"operation":"INSERT","tableName":"big1","payload":{"v":23},"timestampMs":1789633254722}
{"sequenceNumber":54,"operation":"INSERT","tableName":"big2","payload":{"v":23},"timestampMs":1789633254737}
{"sequenceNumber":55,"operation":"INSERT","tableName":"big1","payload":{"v":24},"timestampMs":1789633254751}
{"sequenceNumber":56,"operation":"INSERT","tableName":"big2","payload":{"v":24},"timestampMs":1789633254766}
{"sequenceNumber":57,"operation":"INSERT","tableName":"big1","payload":{"v":25},"timestampMs":1789633254781}
{"sequenceNumber":58,"operation":"INSERT","tableName":"big2","payload":{"v":25},"timestampMs":1789633254796}
{"sequenceNumber":59,"operation":"INSERT","tableName":"big1","payload":{"v":26},"timestampMs":1789633254811}
{"sequenceNumber":60,"operation":"INSERT","tableName":"big2","payload":{"v":26},"timestampMs":1789633254825}
{"sequenceNumber":61,"operation":"INSERT","tableName":"big1","payload":{"v":27},"timestampMs":1789633254840}
{"sequenceNumber":62,"operation":"INSERT","tableName":"big2","payload":{"v":27},"timestampMs":1789633254856}
{"sequenceNumber":63,"operation":"INSERT","tableName":"big1","payload":{"v":28},"timestampMs":1789633254871}
{"sequenceNumber":64,"operation":"INSERT","tableName":"big2","payload":{"v":28},"timestampMs":1789633254886}
{"sequenceNumber":65,"operation":"INSERT","tableName":"big1","payload":{"v":29},"timestampMs":1789633254904}
{"sequenceNumber":66,"operation":"INSERT","tableName":"big2","payload":{"v":29},"timestampMs":1789633254919}
{"sequenceNumber":67,"operation":"INSERT","tableName":"big1","payload":{"v":30},"timestampMs":1789633254935}
{"sequenceNumber":68,"operation":"INSERT","tableName":"big2","payload":{"v":30},"timestampMs":1789633254951}
{"sequenceNumber":69,"operation":"INSERT","tableName":"big1","payload":{"v":31},"timestampMs":1789633254967}
{"sequenceNumber":70,"operation":"INSERT","tableName":"big2","payload":{"v":31},"timestampMs":1789633254984}
{"sequenceNumber":71,"operation":"INSERT","tableName":"big1","payload":{"v":32},"timestampMs":1789633255000}
{"sequenceNumber":72,"operation":"INSERT","tableName":"big2","payload":{"v":32},"timestampMs":1789633255016}
{"sequenceNumber":73,"operation":"INSERT","tableName":"big1","payload":{"v":33},"timestampMs":1789633255029}
{"sequenceNumber":74,"operation":"INSERT","tableName":"big2","payload":{"v":33},"timestampMs":1789633255043}
{"sequenceNumber":75,"operation":"INSERT","tableName":"big1","payload":{"v":34},"timestampMs":1789633255057}
{"sequenceNumber":76,"operation":"INSERT","tableName":"big2","payload":{"v":34},"timestampMs":1789633255072}
{"sequenceNumber":77,"operation":"INSERT","tableName":"big1","payload":{"v":35},"timestampMs":1789633255088}
{"sequenceNumber":78,"operation":"INSERT","tableName":"big2","payload":{"v":35},"timestampMs":1789633255102}
{"sequenceNumber":79,"operation":"INSERT","tableName":"big1","payload":{"v":36},"timestampMs":1789633255117}
{"sequenceNumber":80,"operation":"INSERT","tableName":"big2","payload":{"v":36},"timestampMs":1789633255132}
{"sequenceNumber":81,"operation":"INSERT","tableName":"big1","payload":{"v":37},"timestampMs":1789633255147}
{"sequenceNumber":82,"operation":"INSERT","tableName":"big2","payload":{"v":37},"timestampMs":1789633255161}
{"sequenceNumber":83,"operation":"INSERT","tableName":"big1","payload":{"v":38},"timestampMs":1789633255176}
{"sequenceNumber":84,"operation":"INSERT","tableName":"big2","payload":{"v":38},"timestampMs":1789633255190}
{"sequenceNumber":85,"operation":"INSERT","tableName":"big1","payload":{"v":39},"timestampMs":1789633255205}
{"sequenceNumber":86,"operation":"INSERT","tableName":"big2","payload":{"v":39},"timestampMs":1789633255221}
{"sequenceNumber":87,"operation":"INSERT","tableName":"big1","payload":{"v":40},"timestampMs":1789633255236}
{"sequenceNumber":88,"operation":"INSERT","tableName":"big2","payload":{"v":40},"timestampMs":1789633255251}
{"sequenceNumber":89,"operation":"INSERT","tableName":"big1","payload":{"v":41},"timestampMs":1789633255265}
{"sequenceNumber":90,"operation":"INSERT","tableName":"big2","payload":{"v":41},"timestampMs":1789633255279}
{"sequenceNumber":91,"operation":"INSERT","tableName":"big1","payload":{"v":42},"timestampMs":1789633255294}
{"sequenceNumber":92,"operation":"INSERT","tableName":"big2","payload":{"v":42},"timestampMs":1789633255310}
{"sequenceNumber":93,"operation":"INSERT","tableName":"big1","payload":{"v":43},"timestampMs":1789633255325}
{"sequenceNumber":94,"operation":"INSERT","tableName":"big2","payload":{"v":43},"timestampMs":1789633255340}
{"sequenceNumber":95,"operation":"INSERT","tableName":"big1","payload":{"v":44},"timestampMs":1789633255354}
{"sequenceNumber":96,"operation":"INSERT","tableName":"big2","payload":{"v":44},"timestampMs":1789633255368}
{"sequenceNumber":97,"operation":"INSERT","tableName":"big1","payload":{"v":45},"timestampMs":1789633255383}
{"sequenceNumber":98,"operation":"INSERT","tableName":"big2","payload":{"v":45},"timestampMs":1789633255398}
{"sequenceNumber":99,"operation":"INSERT","tableName":"big1","payload":{"v":46},"timestampMs":1789633255412}
{"sequenceNumber":100,"operation":"INSERT","tableName":"big2","payload":{"v":46},"timestampMs":1789633255427}
{"sequenceNumber":101,"operation":"INSERT","tableName":"big1","payload":{"v":47},"timestampMs":1789633255442}
{"sequenceNumber":102,"operation":"INSERT","tableName":"big2","payload":{"v":47},"timestampMs":1789633255457}
{"sequenceNumber":103,"operation":"INSERT","tableName":"big1","payload":{"v":48},"timestampMs":1789633255472}
{"sequenceNumber":104,"operation":"INSERT","tableName":"big2","payload":{"v":48},"timestampMs":1789633255486}
{"sequenceNumber":105,"operation":"INSERT","tableName":"big1","payload":{"v":49},"timestampMs":1789633255499}
{"sequenceNumber":106,"operation":"INSERT","tableName":"big2","payload":{"v":49},"timestampMs":1789633255513}
{"sequenceNumber":107,"operation":"INSERT","tableName":"big1","payload":{"v":50},"timestampMs":1789633255526}
{"sequenceNumber":108,"operation":"INSERT","tableName":"big2","payload":{"v":50},"timestampMs":1789633255540}
{"sequenceNumber":109,"operation":"INSERT","tableName":"big1","payload":{"v":51},"timestampMs":1789633255553}
{"sequenceNumber":110,"operation":"INSERT","tableName":"big2","payload":{"v":51},"timestampMs":1789633255567}
{"sequenceNumber":111,"operation":"INSERT","tableName":"big1","payload":{"v":52},"timestampMs":1789633255582}
{"sequenceNumber":112,"operation":"INSERT","tableName":"big2","payload":{"v":52},"timestampMs":1789633255601}
{"sequenceNumber":113,"operation":"INSERT","tableName":"big1","payload":{"v":53},"timestampMs":1789633255617}
{"sequenceNumber":114,"operation":"INSERT","tableName":"big2","payload":{"v":53},"timestampMs":1789633255634}
{"sequenceNumber":115,"operation":"INSERT","tableName":"big1","payload":{"v":54},"timestampMs":1789633255648}
{"sequenceNumber":116,"operation":"INSERT","tableName":"big2","payload":{"v":54},"timestampMs":1789633255663}
{"sequenceNumber":117,"operation":"INSERT","tableName":"big1","payload":{"v":55},"timestampMs":1789633255677}
{"sequenceNumber":118,"operation":"INSERT","tableName":"big2","payload":{"v":55},"timestampMs":1789633255691}
{"sequenceNumber":119,"operation":"INSERT","tableName":"big1","payload":{"v":56},"timestampMs":1789633255706}
{"sequenceNumber":120,"operation":"INSERT","tableName":"big2","payload":{"v":56},"timestampMs":1789633255721}
{"sequenceNumber":121,"operation":"INSERT","tableName":"big1","payload":{"v":57},"timestampMs":1789633255735}
{"sequenceNumber":122,"operation":"INSERT","tableName":"big2","payload":{"v":57},"timestampMs":1789633255749}
{"sequenceNumber":123,"operation":"INSERT","tableName":"big1","payload":{"v":58},"timestampMs":1789633255764}
{"sequenceNumber":124,"operation":"INSERT","tableName":"big2","payload":{"v":58},"timestampMs":1789633255778}
{"sequenceNumber":125,"operation":"INSERT","tableName":"big1","payload":{"v":59},"timestampMs":1789633255793}
{"sequenceNumber":126,"operation":"INSERT","tableName":"big2","payload":{"v":59},"timestampMs":1789633255807}
{"sequenceNumber":127,"operation":"INSERT","tableName":"big1","payload":{"v":60},"timestampMs":1789633255821}
{"sequenceNumber":128,"operation":"INSERT","tableName":"big2","payload":{"v":60},"timestampMs":1789633255836}
{"sequenceNumber":129,"operation":"INSERT","tableName":"big1","payload":{"v":61},"timestampMs":1789633255850}
{"sequenceNumber":130,"operation":"INSERT","tableName":"big2","payload":{"v":61},"timestampMs":1789633255863}
{"sequenceNumber":131,"operation":"INSERT","tableName":"big1","payload":{"v":62},"timestampMs":1789633255877}
{"sequenceNumber":132,"operation":"INSERT","tableName":"big2","payload":{"v":62},"timestampMs":1789633255892}
{"sequenceNumber":133,"operation":"INSERT","tableName":"big1","payload":{"v":63},"timestampMs":1789633255907}
{"sequenceNumber":134,"operation":"INSERT","tableName":"big2","payload":{"v":63},"timestampMs":1789633255922}
{"sequenceNumber":135,"operation":"INSERT","tableName":"big1","payload":{"v":64},"timestampMs":1789633255937}
{"sequenceNumber":136,"operation":"INSERT","tableName":"big2","payload":{"v":64},"timestampMs":1789633255950}
{"sequenceNumber":137,"operation":"INSERT","tableName":"big1","payload":{"v":65},"timestampMs":1789633255965}
{"sequenceNumber":138,"operation":"INSERT","tableName":"big2","payload":{"v":65},"timestampMs":1789633255979}
{"sequenceNumber":139,"operation":"INSERT","tableName":"big1","payload":{"v":66},"timestampMs":1789633255992}
{"sequenceNumber":140,"operation":"INSERT","tableName":"big2","payload":{"v":66},"timestampMs":1789633256007}
{"sequenceNumber":141,"operation":"INSERT","tableName":"big1","payload":{"v":67},"timestampMs":1789633256022}
{"sequenceNumber":142,"operation":"INSERT","tableName":"big2","payload":{"v":67},"timestampMs":1789633256037}
{"sequenceNumber":143,"operation":"INSERT","tableName":"big1","payload":{"v":68},"timestampMs":1789633256051}
{"sequenceNumber":144,"operation":"INSERT","tableName":"big2","payload":{"v":68},"timestampMs":1789633256064}
{"sequenceNumber":145,"operation":"INSERT","tableName":"big1","payload":{"v":69},"timestampMs":1789633256079}
{"sequenceNumber":146,"operation":"INSERT","tableName":"big2","payload":{"v":69},"timestampMs":1789633256096}
{"sequenceNumber":147,"operation":"INSERT","tableName":"big1","payload":{"v":70},"timestampMs":1789633256113}
{"sequenceNumber":148,"operation":"INSERT","tableName":"big2","payload":{"v":70},"timestampMs":1789633256130}
{"sequenceNumber":149,"operation":"INSERT","tableName":"big1","payload":{"v":71},"timestampMs":1789633256146}
{"sequenceNumber":150,"operation":"INSERT","tableName":"big2","payload":{"v":71},"timestampMs":1789633256160}
{"sequenceNumber":151,"operation":"INSERT","tableName":"big1","payload":{"v":72},"timestampMs":1789633256175}
{"sequenceNumber":152,"operation":"INSERT","tableName":"big2","payload":{"v":72},"timestampMs":1789633256189}
{"sequenceNumber":153,"operation":"INSERT","tableName":"big1","payload":{"v":73},"timestampMs":1789633256203}
{"sequenceNumber":154,"operation":"INSERT","tableName":"big2","payload":{"v":73},"timestampMs":1789633256217}
{"sequenceNumber":155,"operation":"INSERT","tableName":"big1","payload":{"v":74},"timestampMs":1789633256232}
{"sequenceNumber":156,"operation":"INSERT","tableName":"big2","payload":{"v":74},"timestampMs":1789633256247}
{"sequenceNumber":157,"operation":"INSERT","tableName":"big1","payload":{"v":75},"timestampMs":1789633256260}
{"sequenceNumber":158,"operation":"INSERT","tableName":"big2","payload":{"v":75},"timestampMs":1789633256275}
{"sequenceNumber":159,"operation":"INSERT","tableName":"big1","payload":{"v":76},"timestampMs":1789633256290}
{"sequenceNumber":160,"operation":"INSERT","tableName":"big2","payload":{"v":76},"timestampMs":1789633256305}
{"sequenceNumber":161,"operation":"INSERT","tableName":"big1","payload":{"v":77},"timestampMs":1789633256319}
{"sequenceNumber":162,"operation":"INSERT","tableName":"big2","payload":{"v":77},"timestampMs":1789633256335}
{"sequenceNumber":163,"operation":"INSERT","tableName":"big1","payload":{"v":78},"timestampMs":1789633256352}
{"sequenceNumber":164,"operation":"INSERT","tableName":"big2","payload":{"v":78},"timestampMs":1789633256368}
{"sequenceNumber":165,"operation":"INSERT","tableName":"big1","payload":{"v":79},"timestampMs":1789633256384}
{"sequenceNumber":166,"operation":"INSERT","tableName":"big2","payload":{"v":79},"timestampMs":1789633256400}
{"sequenceNumber":167,"operation":"INSERT","tableName":"big1","payload":{"v":80},"timestampMs":1789633256415}
{"sequenceNumber":168,"operation":"INSERT","tableName":"big2","payload":{"v":80},"timestampMs":1789633256430}
{"sequenceNumber":169,"operation":"INSERT","tableName":"big1","payload":{"v":81},"timestampMs":1789633256445}
{"sequenceNumber":170,"operation":"INSERT","tableName":"big2","payload":{"v":81},"timestampMs":1789633256459}
{"sequenceNumber":171,"operation":"INSERT","tableName":"big1","payload":{"v":82},"timestampMs":1789633256474}
{"sequenceNumber":172,"operation":"INSERT","tableName":"big2","payload":{"v":82},"timestampMs":1789633256489}
{"sequenceNumber":173,"operation":"INSERT","tableName":"big1","payload":{"v":83},"timestampMs":1789633256504}
{"sequenceNumber":174,"operation":"INSERT","tableName":"big2","payload":{"v":83},"timestampMs":1789633256519}
{"sequenceNumber":175,"operation":"INSERT","tableName":"big1","payload":{"v":84},"timestampMs":1789633256535}
{"sequenceNumber":176,"operation":"INSERT","tableName":"big2","payload":{"v":84},"timestampMs":1789633256550}
{"sequenceNumber":177,"operation":"INSERT","tableName":"big1","payload":{"v":85},"timestampMs":1789633256566}
{"sequenceNumber":178,"operation":"INSERT","tableName":"big2","payload":{"v":85},"timestampMs":1789633256580}
{"sequenceNumber":179,"operation":"INSERT","tableName":"big1","payload":{"v":86},"timestampMs":1789633256594}
{"sequenceNumber":180,"operation":"INSERT","tableName":"big2","payload":{"v":86},"timestampMs":1789633256608}
{"sequenceNumber":181,"operation":"INSERT","tableName":"big1","payload":{"v":87},"timestampMs":1789633256623}
{"sequenceNumber":182,"operation":"INSERT","tableName":"big2","payload":{"v":87},"timestampMs":1789633256637}
{"sequenceNumber":183,"operation":"INSERT","tableName":"big1","payload":{"v":88},"timestampMs":1789633256651}
{"sequenceNumber":184,"operation":"INSERT","tableName":"big2","payload":{"v":88},"timestampMs":1789633256666}
{"sequenceNumber":185,"operation":"INSERT","tableName":"big1","payload":{"v":89},"timestampMs":1789633256681}
{"sequenceNumber":186,"operation":"INSERT","tableName":"big2","payload":{"v":89},"timestampMs":1789633256694}
{"sequenceNumber":187,"operation":"INSERT","tableName":"big1","payload":{"v":90},"timestampMs":1789633256709}
{"sequenceNumber":188,"operation":"INSERT","tableName":"big2","payload":{"v":90},"timestampMs":1789633256724}
{"sequenceNumber":189,"operation":"INSERT","tableName":"big1","payload":{"v":91},"timestampMs":1789633256738}
{"sequenceNumber":190,"operation":"INSERT","tableName":"big2","payload":{"v":91},"timestampMs":1789633256752}
{"sequenceNumber":191,"operation":"INSERT","tableName":"big1","payload":{"v":92},"timestampMs":1789633256766}
{"sequenceNumber":192,"operation":"INSERT","tableName":"big2","payload":{"v":92},"timestampMs":1789633256780}
{"sequenceNumber":193,"operation":"INSERT","tableName":"big1","payload":{"v":93},"timestampMs":1789633256794}
{"sequenceNumber":194,"operation":"INSERT","tableName":"big2","payload":{"v":93},"timestampMs":1789633256811}
{"sequenceNumber":195,"operation":"INSERT","tableName":"big1","payload":{"v":94},"timestampMs":1789633256825}
{"sequenceNumber":196,"operation":"INSERT","tableName":"big2","payload":{"v":94},"timestampMs":1789633256837}
{"sequenceNumber":197,"operation":"INSERT","tableName":"big1","payload":{"v":95},"timestampMs":1789633256849}
{"sequenceNumber":198,"operation":"INSERT","tableName":"big2","payload":{"v":95},"timestampMs":1789633256862}
{"sequenceNumber":199,"operation":"INSERT","tableName":"big1","payload":{"v":96},"timestampMs":1789633256873}
{"sequenceNumber":200,"operation":"INSERT","tableName":"big2","payload":{"v":96},"timestampMs":1789633256886}
{"sequenceNumber":201,"operation":"INSERT","tableName":"big1","payload":{"v":97},"timestampMs":1789633256898}
{"sequenceNumber":202,"operation":"INSERT","tableName":"big2","payload":{"v":97},"timestampMs":1789633256910}
{"sequenceNumber":203,"operation":"INSERT","tableName":"big1","payload":{"v":98},"timestampMs":1789633256922}
{"sequenceNumber":204,"operation":"INSERT","tableName":"big2","payload":{"v":98},"timestampMs":1789633256935}
{"sequenceNumber":205,"operation":"INSERT","tableName":"big1","payload":{"v":99},"timestampMs":1789633256947}
{"sequenceNumber":206,"operation":"INSERT","tableName":"big2","payload":{"v":99},"timestampMs":1789633256961}
{"sequenceNumber":207,"operation":"INSERT","tableName":"big1","payload":{"v":100},"timestampMs":1789633256974}
{"sequenceNumber":208,"operation":"INSERT","tableName":"big2","payload":{"v":100},"timestampMs":1789633256986}
{"sequenceNumber":209,"operation":"INSERT","tableName":"big1","payload":{"v":101},"timestampMs":1789633256998}
{"sequenceNumber":210,"operation":"INSERT","tableName":"big2","payload":{"v":101},"timestampMs":1789633257012}
{"sequenceNumber":211,"operation":"INSERT","tableName":"big1","payload":{"v":102},"timestampMs":1789633257024}
{"sequenceNumber":212,"operation":"INSERT","tableName":"big2","payload":{"v":102},"timestampMs":1789633257035}
{"sequenceNumber":213,"operation":"INSERT","tableName":"big1","payload":{"v":103},"timestampMs":1789633257046}
{"sequenceNumber":214,"operation":"INSERT","tableName":"big2","payload":{"v":103},"timestampMs":1789633257059}
{"sequenceNumber":215,"operation":"INSERT","tableName":"big1","payload":{"v":104},"timestampMs":1789633257070}
{"sequenceNumber":216,"operation":"INSERT","tableName":"big2","payload":{"v":104},"timestampMs":1789633257083}
{"sequenceNumber":217,"operation":"INSERT","tableName":"big1","payload":{"v":105},"timestampMs":1789633257095}
{"sequenceNumber":218,"operation":"INSERT","tableName":"big2","payload":{"v":105},"timestampMs":1789633257108}
{"sequenceNumber":219,"operation":"INSERT","tableName":"big1","payload":{"v":106},"timestampMs":1789633257120}
{"sequenceNumber":220,"operation":"INSERT","tableName":"big2","payload":{"v":106},"timestampMs":1789633257133}
{"sequenceNumber":221,"operation":"INSERT","tableName":"big1","payload":{"v":107},"timestampMs":1789633257146}
{"sequenceNumber":222,"operation":"INSERT","tableName":"big2","payload":{"v":107},"timestampMs":1789633257159}
{"sequenceNumber":223,"operation":"INSERT","tableName":"big1","payload":{"v":108},"timestampMs":1789633257171}
{"sequenceNumber":224,"operation":"INSERT","tableName":"big2","payload":{"v":108},"timestampMs":1789633257183}
{"sequenceNumber":225,"operation":"INSERT","tableName":"big1","payload":{"v":109},"timestampMs":1789633257195}
{"sequenceNumber":226,"operation":"INSERT","tableName":"big2","payload":{"v":109},"timestampMs":1789633257207}
{"sequenceNumber":227,"operation":"INSERT","tableName":"big1","payload":{"v":110},"timestampMs":1789633257219}
{"sequenceNumber":228,"operation":"INSERT","tableName":"big2","payload":{"v":110},"timestampMs":1789633257231}
{"sequenceNumber":229,"operation":"INSERT","tableName":"big1","payload":{"v":111},"timestampMs":1789633257244}
{"sequenceNumber":230,"operation":"INSERT","tableName":"big2","payload":{"v":111},"timestampMs":1789633257256}
{"sequenceNumber":231,"operation":"INSERT","tableName":"big1","payload":{"v":112},"timestampMs":1789633257268}
{"sequenceNumber":232,"operation":"INSERT","tableName":"big2","payload":{"v":112},"timestampMs":1789633257280}
{"sequenceNumber":233,"operation":"INSERT","tableName":"big1","payload":{"v":113},"timestampMs":1789633257293}
{"sequenceNumber":234,"operation":"INSERT","tableName":"big2","payload":{"v":113},"timestampMs":1789633257305}
{"sequenceNumber":235,"operation":"INSERT","tableName":"big1","payload":{"v":114},"timestampMs":1789633257317}
{"sequenceNumber":236,"operation":"INSERT","tableName":"big2","payload":{"v":114},"timestampMs":1789633257329}
{"sequenceNumber":237,"operation":"INSERT","tableName":"big1","payload":{"v":115},"timestampMs":1789633257342}
{"sequenceNumber":238,"operation":"INSERT","tableName":"big2","payload":{"v":115},"timestampMs":1789633257356}
{"sequenceNumber":239,"operation":"INSERT","tableName":"big1","payload":{"v":116},"timestampMs":1789633257369}
{"sequenceNumber":240,"operation":"INSERT","tableName":"big2","payload":{"v":116},"timestampMs":1789633257383}
{"sequenceNumber":241,"operation":"INSERT","tableName":"big1","payload":{"v":117},"timestampMs":1789633257395}
{"sequenceNumber":242,"operation":"INSERT","tableName":"big2","payload":{"v":117},"timestampMs":1789633257408}
{"sequenceNumber":243,"operation":"INSERT","tableName":"big1","payload":{"v":118},"timestampMs":1789633257422}
{"sequenceNumber":244,"operation":"INSERT","tableName":"big2","payload":{"v":118},"timestampMs":1789633257434}
{"sequenceNumber":245,"operation":"INSERT","tableName":"big1","payload":{"v":119},"timestampMs":1789633257446}
{"sequenceNumber":246,"operation":"INSERT","tableName":"big2","payload":{"v":119},"timestampMs":1789633257456}
{"sequenceNumber":247,"operation":"INSERT","tableName":"big1","payload":{"v":120},"timestampMs":1789633257468}
{"sequenceNumber":248,"operation":"INSERT","tableName":"big2","payload":{"v":120},"timestampMs":1789633257479}
{"sequenceNumber":249,"operation":"INSERT","tableName":"big1","payload":{"v":121},"timestampMs":1789633257489}
{"sequenceNumber":250,"operation":"INSERT","tableName":"big2","payload":{"v":121},"timestampMs":1789633257502}
{"sequenceNumber":251,"operation":"INSERT","tableName":"big1","payload":{"v":122},"timestampMs":1789633257513}
{"sequenceNumber":252,"operation":"INSERT","tableName":"big2","payload":{"v":122},"timestampMs":1789633257524}
{"sequenceNumber":253,"operation":"INSERT","tableName":"big1","payload":{"v":123},"timestampMs":1789633257540}
{"sequenceNumber":254,"operation":"INSERT","tableName":"big2","payload":{"v":123},"timestampMs":1789633257551}
{"sequenceNumber":255,"operation":"INSERT","tableName":"big1","payload":{"v":124},"timestampMs":1789633257562}
{"sequenceNumber":256,"operation":"INSERT","tableName":"big2","payload":{"v":124},"timestampMs":1789633257573}
{"sequenceNumber":257,"operation":"INSERT","tableName":"big1","payload":{"v":125},"timestampMs":1789633257587}
{"sequenceNumber":258,"operation":"INSERT","tableName":"big2","payload":{"v":125},"timestampMs":1789633257599}
{"sequenceNumber":259,"operation":"INSERT","tableName":"big1","payload":{"v":126},"timestampMs":1789633257611}
{"sequenceNumber":260,"operation":"INSERT","tableName":"big2","payload":{"v":126},"timestampMs":1789633257622}
{"sequenceNumber":261,"operation":"INSERT","tableName":"big1","payload":{"v":127},"timestampMs":1789633257633}
{"sequenceNumber":262,"operation":"INSERT","tableName":"big2","payload":{"v":127},"timestampMs":1789633257645}
{"sequenceNumber":263,"operation":"INSERT","tableName":"big1","payload":{"v":128},"timestampMs":1789633257657}
{"sequenceNumber":264,"operation":"INSERT","tableName":"big2","payload":{"v":128},"timestampMs":1789633257668}
{"sequenceNumber":265,"operation":"INSERT","tableName":"big1","payload":{"v":129},"timestampMs":1789633257679}
{"sequenceNumber":266,"operation":"INSERT","tableName":"big2","payload":{"v":129},"timestampMs":1789633257691}
{"sequenceNumber":267,"operation":"INSERT","tableName":"big1","payload":{"v":130},"timestampMs":1789633257702}
{"sequenceNumber":268,"operation":"INSERT","tableName":"big2","payload":{"v":130},"timestampMs":1789633257713}
{"sequenceNumber":269,"operation":"INSERT","tableName":"big1","payload":{"v":131},"timestampMs":1789633257725}
{"sequenceNumber":270,"operation":"INSERT","tableName":"big2","payload":{"v":131},"timestampMs":1789633257736}
{"sequenceNumber":271,"operation":"INSERT","tableName":"big1","payload":{"v":132},"timestampMs":1789633257747}
{"sequenceNumber":272,"operation":"INSERT","tableName":"big2","payload":{"v":132},"timestampMs":1789633257758}
{"sequenceNumber":273,"operation":"INSERT","tableName":"big1","payload":{"v":133},"timestampMs":1789633257770}
{"sequenceNumber":274,"operation":"INSERT","tableName":"big2","payload":{"v":133},"timestampMs":1789633257780}
{"sequenceNumber":275,"operation":"INSERT","tableName":"big1","payload":{"v":134},"timestampMs":1789633257791}
{"sequenceNumber":276,"operation":"INSERT","tableName":"big2","payload":{"v":134},"timestampMs":1789633257802}
{"sequenceNumber":277,"operation":"INSERT","tableName":"big1","payload":{"v":135},"timestampMs":1789633257813}
{"sequenceNumber":278,"operation":"INSERT","tableName":"big2","payload":{"v":135},"timestampMs":1789633257824}
{"sequenceNumber":279,"operation":"INSERT","tableName":"big1","payload":{"v":136},"timestampMs":1789633257835}
{"sequenceNumber":280,"operation":"INSERT","tableName":"big2","payload":{"v":136},"timestampMs":1789633257848}
{"sequenceNumber":281,"operation":"INSERT","tableName":"big1","payload":{"v":137},"timestampMs":1789633257861}
{"sequenceNumber":282,"operation":"INSERT","tableName":"big2","payload":{"v":137},"timestampMs":1789633257871}
{"sequenceNumber":283,"operation":"INSERT","tableName":"big1","payload":{"v":138},"timestampMs":1789633257882}
{"sequenceNumber":284,"operation":"INSERT","tableName":"big2","payload":{"v":138},"timestampMs":1789633257894}
{"sequenceNumber":285,"operation":"INSERT","tableName":"big1","payload":{"v":139},"timestampMs":1789633257904}
{"sequenceNumber":286,"operation":"INSERT","tableName":"big2","payload":{"v":139},"timestampMs":1789633257916}
{"sequenceNumber":287,"operation":"INSERT","tableName":"big1","payload":{"v":140},"timestampMs":1789633257926}
{"sequenceNumber":288,"operation":"INSERT","tableName":"big2","payload":{"v":140},"timestampMs":1789633257937}
{"sequenceNumber":289,"operation":"INSERT","tableName":"big1","payload":{"v":141},"timestampMs":1789633257948}
{"sequenceNumber":290,"operation":"INSERT","tableName":"big2","payload":{"v":141},"timestampMs":1789633257959}
{"sequenceNumber":291,"operation":"INSERT","tableName":"big1","payload":{"v":142},"timestampMs":1789633257971}
{"sequenceNumber":292,"operation":"INSERT","tableName":"big2","payload":{"v":142},"timestampMs":1789633257983}
{"sequenceNumber":293,"operation":"INSERT","tableName":"big1","payload":{"v":143},"timestampMs":1789633257994}
{"sequenceNumber":294,"operation":"INSERT","tableName":"big2","payload":{"v":143},"timestampMs":1789633258006}
{"sequenceNumber":295,"operation":"INSERT","tableName":"big1","payload":{"v":144},"timestampMs":1789633258017}
{"sequenceNumber":296,"operation":"INSERT","tableName":"big2","payload":{"v":144},"timestampMs":1789633258028}
{"sequenceNumber":297,"operation":"INSERT","tableName":"big1","payload":{"v":145},"timestampMs":1789633258040}
{"sequenceNumber":298,"operation":"INSERT","tableName":"big2","payload":{"v":145},"timestampMs":1789633258050}
{"sequenceNumber":299,"operation":"INSERT","tableName":"big1","payload":{"v":146},"timestampMs":1789633258061}
{"sequenceNumber":300,"operation":"INSERT","tableName":"big2","payload":{"v":146},"timestampMs":1789633258072}
{"sequenceNumber":301,"operation":"INSERT","tableName":"big1","payload":{"v":147},"timestampMs":1789633258083}
{"sequenceNumber":302,"operation":"INSERT","tableName":"big2","payload":{"v":147},"timestampMs":1789633258094}
{"sequenceNumber":303,"operation":"INSERT","tableName":"big1","payload":{"v":148},"timestampMs":1789633258105}
{"sequenceNumber":304,"operation":"INSERT","tableName":"big2","payload":{"v":148},"timestampMs":1789633258116}
{"sequenceNumber":305,"operation":"INSERT","tableName":"big1","payload":{"v":149},"timestampMs":1789633258127}
{"sequenceNumber":306,"operation":"INSERT","tableName":"big2","payload":{"v":149},"timestampMs":1789633258138}
{"sequenceNumber":307,"operation":"INSERT","tableName":"big1","payload":{"v":150},"timestampMs":1789633258149}
{"sequenceNumber":308,"operation":"INSERT","tableName":"big2","payload":{"v":150},"timestampMs":1789633258160}
{"sequenceNumber":309,"operation":"INSERT","tableName":"big1","payload":{"v":151},"timestampMs":1789633258170}
{"sequenceNumber":310,"operation":"INSERT","tableName":"big2","payload":{"v":151},"timestampMs":1789633258181}
{"sequenceNumber":311,"operation":"INSERT","tableName":"big1","payload":{"v":152},"timestampMs":1789633258192}
{"sequenceNumber":312,"operation":"INSERT","tableName":"big2","payload":{"v":152},"timestampMs":1789633258204}
{"sequenceNumber":313,"operation":"INSERT","tableName":"big1","payload":{"v":153},"timestampMs":1789633258217}
{"sequenceNumber":314,"operation":"INSERT","tableName":"big2","payload":{"v":153},"timestampMs":1789633258229}
{"sequenceNumber":315,"operation":"INSERT","tableName":"big1","payload":{"v":154},"timestampMs":1789633258240}
{"sequenceNumber":316,"operation":"INSERT","tableName":"big2","payload":{"v":154},"timestampMs":1789633258252}
{"sequenceNumber":317,"operation":"INSERT","tableName":"big1","payload":{"v":155},"timestampMs":1789633258263}
{"sequenceNumber":318,"operation":"INSERT","tableName":"big2","payload":{"v":155},"timestampMs":1789633258275}
{"sequenceNumber":319,"operation":"INSERT","tableName":"big1","payload":{"v":156},"timestampMs":1789633258287}
{"sequenceNumber":320,"operation":"INSERT","tableName":"big2","payload":{"v":156},"timestampMs":1789633258298}
{"sequenceNumber":321,"operation":"INSERT","tableName":"big1","payload":{"v":157},"timestampMs":1789633258310}
{"sequenceNumber":322,"operation":"INSERT","tableName":"big2","payload":{"v":157},"timestampMs":1789633258321}
{"sequenceNumber":323,"operation":"INSERT","tableName":"big1","payload":{"v":158},"timestampMs":1789633258332}
{"sequenceNumber":324,"operation":"INSERT","tableName":"big2","payload":{"v":158},"timestampMs":1789633258344}
{"sequenceNumber":325,"operation":"INSERT","tableName":"big1","payload":{"v":159},"timestampMs":1789633258356}
{"sequenceNumber":326,"operation":"INSERT","tableName":"big2","payload":{"v":159},"timestampMs":1789633258367}
{"sequenceNumber":327,"operation":"INSERT","tableName":"big1","payload":{"v":160},"timestampMs":1789633258377}
{"sequenceNumber":328,"operation":"INSERT","tableName":"big2","payload":{"v":160},"timestampMs":1789633258389}
{"sequenceNumber":329,"operation":"INSERT","tableName":"big1","payload":{"v":161},"timestampMs":1789633258403}
{"sequenceNumber":330,"operation":"INSERT","tableName":"big2","payload":{"v":161},"timestampMs":1789633258415}
{"sequenceNumber":331,"operation":"INSERT","tableName":"big1","payload":{"v":162},"timestampMs":1789633258426}
{"sequenceNumber":332,"operation":"INSERT","tableName":"big2","payload":{"v":162},"timestampMs":1789633258438}
{"sequenceNumber":333,"operation":"INSERT","tableName":"big1","payload":{"v":163},"timestampMs":1789633258450}
{"sequenceNumber":334,"operation":"INSERT","tableName":"big2","payload":{"v":163},"timestampMs":1789633258461}
{"sequenceNumber":335,"operation":"INSERT","tableName":"big1","payload":{"v":164},"timestampMs":1789633258473}
{"sequenceNumber":336,"operation":"INSERT","tableName":"big2","payload":{"v":164},"timestampMs":1789633258483}
{"sequenceNumber":337,"operation":"INSERT","tableName":"big1","payload":{"v":165},"timestampMs":1789633258495}
{"sequenceNumber":338,"operation":"INSERT","tableName":"big2","payload":{"v":165},"timestampMs":1789633258505}
{"sequenceNumber":339,"operation":"INSERT","tableName":"big1","payload":{"v":166},"timestampMs":1789633258517}
{"sequenceNumber":340,"operation":"INSERT","tableName":"big2","payload":{"v":166},"timestampMs":1789633258528}
{"sequenceNumber":341,"operation":"INSERT","tableName":"big1","payload":{"v":167},"timestampMs":1789633258541}
{"sequenceNumber":342,"operation":"INSERT","tableName":"big2","payload":{"v":167},"timestampMs":1789633258553}
{"sequenceNumber":343,"operation":"INSERT","tableName":"big1","payload":{"v":168},"timestampMs":1789633258565}
{"sequenceNumber":344,"operation":"INSERT","tableName":"big2","payload":{"v":168},"timestampMs":1789633258575}
{"sequenceNumber":345,"operation":"INSERT","tableName":"big1","payload":{"v":169},"timestampMs":1789633258588}
{"sequenceNumber":346,"operation":"INSERT","tableName":"big2","payload":{"v":169},"timestampMs":1789633258598}
{"sequenceNumber":347,"operation":"INSERT","tableName":"big1","payload":{"v":170},"timestampMs":1789633258610}
{"sequenceNumber":348,"operation":"INSERT","tableName":"big2","payload":{"v":170},"timestampMs":1789633258621}
{"sequenceNumber":349,"operation":"INSERT","tableName":"big1","payload":{"v":171},"timestampMs":1789633258635}
{"sequenceNumber":350,"operation":"INSERT","tableName":"big2","payload":{"v":171},"timestampMs":1789633258646}
{"sequenceNumber":351,"operation":"INSERT","tableName":"big1","payload":{"v":172},"timestampMs":1789633258658}
{"sequenceNumber":352,"operation":"INSERT","tableName":"big2","payload":{"v":172},"timestampMs":1789633258670}
{"sequenceNumber":353,"operation":"INSERT","tableName":"big1","payload":{"v":173},"timestampMs":1789633258681}
{"sequenceNumber":354,"operation":"INSERT","tableName":"big2","payload":{"v":173},"timestampMs":1789633258692}
{"sequenceNumber":355,"operation":"INSERT","tableName":"big1","payload":{"v":174},"timestampMs":1789633258703}
{"sequenceNumber":356,"operation":"INSERT","tableName":"big2","payload":{"v":174},"timestampMs":1789633258715}
{"sequenceNumber":357,"operation":"INSERT","tableName":"big1","payload":{"v":175},"timestampMs":1789633258727}
{"sequenceNumber":358,"operation":"INSERT","tableName":"big2","payload":{"v":175},"timestampMs":1789633258738}
{"sequenceNumber":359,"operation":"INSERT","tableName":"big1","payload":{"v":176},"timestampMs":1789633258750}
{"sequenceNumber":360,"operation":"INSERT","tableName":"big2","payload":{"v":176},"timestampMs":1789633258762}
{"sequenceNumber":361,"operation":"INSERT","tableName":"big1","payload":{"v":177},"timestampMs":1789633258774}
{"sequenceNumber":362,"operation":"INSERT","tableName":"big2","payload":{"v":177},"timestampMs":1789633258786}
{"sequenceNumber":363,"operation":"INSERT","tableName":"big1","payload":{"v":178},"timestampMs":1789633258797}
{"sequenceNumber":364,"operation":"INSERT","tableName":"big2","payload":{"v":178},"timestampMs":1789633258808}
{"sequenceNumber":365,"operation":"INSERT","tableName":"big1","payload":{"v":179},"timestampMs":1789633258820}
{"sequenceNumber":366,"operation":"INSERT","tableName":"big2","payload":{"v":179},"timestampMs":1789633258832}
{"sequenceNumber":367,"operation":"INSERT","tableName":"big1","payload":{"v":180},"timestampMs":1789633258845}
{"sequenceNumber":368,"operation":"INSERT","tableName":"big2","payload":{"v":180},"timestampMs":1789633258860}
{"sequenceNumber":369,"operation":"INSERT","tableName":"big1","payload":{"v":181},"timestampMs":1789633258872}
{"sequenceNumber":370,"operation":"INSERT","tableName":"big2","payload":{"v":181},"timestampMs":1789633258884}
{"sequenceNumber":371,"operation":"INSERT","tableName":"big1","payload":{"v":182},"timestampMs":1789633258895}
{"sequenceNumber":372,"operation":"INSERT","tableName":"big2","payload":{"v":182},"timestampMs":1789633258905}
{"sequenceNumber":373,"operation":"INSERT","tableName":"big1","payload":{"v":183},"timestampMs":1789633258915}
{"sequenceNumber":374,"operation":"INSERT","tableName":"big2","payload":{"v":183},"timestampMs":1789633258932}
{"sequenceNumber":375,"operation":"INSERT","tableName":"big1","payload":{"v":184},"timestampMs":1789633258943}
{"sequenceNumber":376,"operation":"INSERT","tableName":"big2","payload":{"v":184},"timestampMs":1789633258955}
{"sequenceNumber":377,"operation":"INSERT","tableName":"big1","payload":{"v":185},"timestampMs":1789633258965}
{"sequenceNumber":378,"operation":"INSERT","tableName":"big2","payload":{"v":185},"timestampMs":1789633258976}
{"sequenceNumber":379,"operation":"INSERT","tableName":"big1","payload":{"v":186},"timestampMs":1789633258988}
{"sequenceNumber":380,"operation":"INSERT","tableName":"big2","payload":{"v":186},"timestampMs":1789633259000}
{"sequenceNumber":381,"operation":"INSERT","tableName":"big1","payload":{"v":187},"timestampMs":1789633259010}
{"sequenceNumber":382,"operation":"INSERT","tableName":"big2","payload":{"v":187},"timestampMs":1789633259022}
{"sequenceNumber":383,"operation":"INSERT","tableName":"big1","payload":{"v":188},"timestampMs":1789633259032}
{"sequenceNumber":384,"operation":"INSERT","tableName":"big2","payload":{"v":188},"timestampMs":1789633259042}
{"sequenceNumber":385,"operation":"INSERT","tableName":"big1","payload":{"v":189},"timestampMs":1789633259053}
{"sequenceNumber":386,"operation":"INSERT","tableName":"big2","payload":{"v":189},"timestampMs":1789633259064}
{"sequenceNumber":387,"operation":"INSERT","tableName":"big1","payload":{"v":190},"timestampMs":1789633259076}
{"sequenceNumber":388,"operation":"INSERT","tableName":"big2","payload":{"v":190},"timestampMs":1789633259086}
{"sequenceNumber":389,"operation":"INSERT","tableName":"big1","payload":{"v":191},"timestampMs":1789633259098}
{"sequenceNumber":390,"operation":"INSERT","tableName":"big2","payload":{"v":191},"timestampMs":1789633259110}
{"sequenceNumber":391,"operation":"INSERT","tableName":"big1","payload":{"v":192},"timestampMs":1789633259121}
{"sequenceNumber":392,"operation":"INSERT","tableName":"big2","payload":{"v":192},"timestampMs":1789633259133}
{"sequenceNumber":393,"operation":"INSERT","tableName":"big1","payload":{"v":193},"timestampMs":1789633259145}
{"sequenceNumber":394,"operation":"INSERT","tableName":"big2","payload":{"v":193},"timestampMs":1789633259156}
{"sequenceNumber":395,"operation":"INSERT","tableName":"big1","payload":{"v":194},"timestampMs":1789633259167}
{"sequenceNumber":396,"operation":"INSERT","tableName":"big2","payload":{"v":194},"timestampMs":1789633259177}
{"sequenceNumber":397,"operation":"INSERT","tableName":"big1","payload":{"v":195},"timestampMs":1789633259188}
{"sequenceNumber":398,"operation":"INSERT","tableName":"big2","payload":{"v":195},"timestampMs":1789633259199}
{"sequenceNumber":399,"operation":"INSERT","tableName":"big1","payload":{"v":196},"timestampMs":1789633259210}
{"sequenceNumber":400,"operation":"INSERT","tableName":"big2","payload":{"v":196},"timestampMs":1789633259221}
{"sequenceNumber":401,"operation":"INSERT","tableName":"big1","payload":{"v":197},"timestampMs":1789633259231}
{"sequenceNumber":402,"operation":"INSERT","tableName":"big2","payload":{"v":197},"timestampMs":1789633259243}
{"sequenceNumber":403,"operation":"INSERT","tableName":"big1","payload":{"v":198},"timestampMs":1789633259254}
{"sequenceNumber":404,"operation":"INSERT","tableName":"big2","payload":{"v":198},"timestampMs":1789633259266}
{"sequenceNumber":405,"operation":"INSERT","tableName":"big1","payload":{"v":199},"timestampMs":1789633259277}
{"sequenceNumber":406,"operation":"INSERT","tableName":"big2","payload":{"v":199},"timestampMs":1789633259288}
{"sequenceNumber":407,"operation":"INSERT","tableName":"big1","payload":{"v":200},"timestampMs":1789633259299}
{"sequenceNumber":408,"operation":"INSERT","tableName":"big2","payload":{"v":200},"timestampMs":1789633259310}
{"sequenceNumber":409,"operation":"INSERT","tableName":"big1","payload":{"v":201},"timestampMs":1789633259321}
{"sequenceNumber":410,"operation":"INSERT","tableName":"big2","payload":{"v":201},"timestampMs":1789633259333}
{"sequenceNumber":411,"operation":"INSERT","tableName":"big1","payload":{"v":202},"timestampMs":1789633259345}
{"sequenceNumber":412,"operation":"INSERT","tableName":"big2","payload":{"v":202},"timestampMs":1789633259356}
{"sequenceNumber":413,"operation":"INSERT","tableName":"big1","payload":{"v":203},"timestampMs":1789633259367}
{"sequenceNumber":414,"operation":"INSERT","tableName":"big2","payload":{"v":203},"timestampMs":1789633259378}
{"sequenceNumber":415,"operation":"INSERT","tableName":"big1","payload":{"v":204},"timestampMs":1789633259389}
{"sequenceNumber":416,"operation":"INSERT","tableName":"big2","payload":{"v":204},"timestampMs":1789633259401}
{"sequenceNumber":417,"operation":"INSERT","tableName":"big1","payload":{"v":205},"timestampMs":1789633259412}
{"sequenceNumber":418,"operation":"INSERT","tableName":"big2","payload":{"v":205},"timestampMs":1789633259423}
{"sequenceNumber":419,"operation":"INSERT","tableName":"big1","payload":{"v":206},"timestampMs":1789633259434}
{"sequenceNumber":420,"operation":"INSERT","tableName":"big2","payload":{"v":206},"timestampMs":1789633259446}
{"sequenceNumber":421,"operation":"INSERT","tableName":"big1","payload":{"v":207},"timestampMs":1789633259456}
{"sequenceNumber":422,"operation":"INSERT","tableName":"big2","payload":{"v":207},"timestampMs":1789633259466}
{"sequenceNumber":423,"operation":"INSERT","tableName":"big1","payload":{"v":208},"timestampMs":1789633259477}
{"sequenceNumber":424,"operation":"INSERT","tableName":"big2","payload":{"v":208},"timestampMs":1789633259489}
{"sequenceNumber":425,"operation":"INSERT","tableName":"big1","payload":{"v":209},"timestampMs":1789633259501}
{"sequenceNumber":426,"operation":"INSERT","tableName":"big2","payload":{"v":209},"timestampMs":1789633259511}
{"sequenceNumber":427,"operation":"INSERT","tableName":"big1","payload":{"v":210},"timestampMs":1789633259522}
{"sequenceNumber":428,"operation":"INSERT","tableName":"big2","payload":{"v":210},"timestampMs":1789633259534}
{"sequenceNumber":429,"operation":"DROP_TABLE","tableName":"big1","payload":{"tableName":"big1"},"timestampMs":1789633320723}
{"sequenceNumber":430,"operation":"DROP_TABLE","tableName":"big2","payload":{"tableName":"big2"},"timestampMs":1789633320760}
{"sequenceNumber":431,"operation":"INSERT","tableName":"employees","payload":{"name":"Bulk1","department":"Engineering","salary":200000,"active":true},"timestampMs":1789633600571}
{"sequenceNumber":432,"operation":"INSERT","tableName":"employees","payload":{"name":"Bulk2","department":"Engineering","salary":200000,"active":true},"timestampMs":1789633600584}
{"sequenceNumber":433,"operation":"INSERT","tableName":"employees","payload":{"name":"Bulk3","department":"Engineering","salary":200000,"active":true},"timestampMs":1789633600598}
{"sequenceNumber":434,"operation":"INSERT","tableName":"employees","payload":{"name":"Bulk4","department":"Engineering","salary":200000,"active":true},"timestampMs":1789633600613}
{"sequenceNumber":435,"operation":"INSERT","tableName":"employees","payload":{"name":"Bulk5","department":"Engineering","salary":200000,"active":true},"timestampMs":1789633600625}
{"sequenceNumber":436,"operation":"INSERT","tableName":"employees","payload":{"name":"Bulk6","department":"Engineering","salary":200000,"active":true},"timestampMs":1789633600640}
{"sequenceNumber":437,"operation":"INSERT","tableName":"employees","payload":{"name":"Bulk7","department":"Engineering","salary":200000,"active":true},"timestampMs":1789633600653}
{"sequenceNumber":438,"operation":"INSERT","tableName":"employees","payload":{"name":"Bulk8","department":"Engineering","salary":200000,"active":true},"timestampMs":1789633600665}
{"sequenceNumber":439,"operation":"INSERT","tableName":"employees","payload":{"name":"Bulk9","department":"Engineering","salary":200000,"active":true},"timestampMs":1789633600679}
{"sequenceNumber":440,"operation":"INSERT","tableName":"employees","payload":{"name":"Bulk10","department":"Engineering","salary":200000,"active":true},"timestampMs":1789633600693}
{"sequenceNumber":441,"operation":"INSERT","tableName":"employees","payload":{"name":"Bulk11","department":"Engineering","salary":200000,"active":true},"timestampMs":1789633600707}
{"sequenceNumber":442,"operation":"INSERT","tableName":"employees","payload":{"name":"Bulk12","department":"Engineering","salary":200000,"active":true},"timestampMs":1789633600720}
{"sequenceNumber":443,"operation":"INSERT","tableName":"employees","payload":{"name":"Bulk13","department":"Engineering","salary":200000,"active":true},"timestampMs":1789633600733}
{"sequenceNumber":444,"operation":"INSERT","tableName":"employees","payload":{"name":"Bulk14","department":"Engineering","salary":200000,"active":true},"timestampMs":1789633600747}
{"sequenceNumber":445,"operation":"INSERT","tableName":"employees","payload":{"name":"Bulk15","department":"Engineering","salary":200000,"active":true},"timestampMs":1789633600760}
{"sequenceNumber":446,"operation":"INSERT","tableName":"employees","payload":{"name":"Bulk16","department":"Engineering","salary":200000,"active":true},"timestampMs":1789633600775}
{"sequenceNumber":447,"operation":"INSERT","tableName":"employees","payload":{"name":"Bulk17","department":"Engineering","salary":200000,"active":true},"timestampMs":1789633600788}
{"sequenceNumber":448,"operation":"INSERT","tableName":"employees","payload":{"name":"Bulk18","department":"Engineering","salary":200000,"active":true},"timestampMs":1789633600803}
{"sequenceNumber":449,"operation":"INSERT","tableName":"employees","payload":{"name":"Bulk19","department":"Engineering","salary":200000,"active":true},"timestampMs":1789633600818}
{"sequenceNumber":450,"operation":"INSERT","tableName":"employees","payload":{"name":"Bulk20","department":"Engineering","salary":200000,"active":true},"timestampMs":1789633600833}
{"sequenceNumber":451,"operation":"INSERT","tableName":"employees","payload":{"name":"Bulk21","department":"Engineering","salary":200000,"active":true},"timestampMs":1789633600846}
{"sequenceNumber":452,"operation":"INSERT","tableName":"employees","payload":{"name":"Bulk22","department":"Engineering","salary":200000,"active":true},"timestampMs":1789633600858}
{"sequenceNumber":453,"operation":"INSERT","tableName":"employees","payload":{"name":"Bulk23","department":"Engineering","salary":200000,"active":true},"timestampMs":1789633600871}
{"sequenceNumber":454,"operation":"INSERT","tableName":"employees","payload":{"name":"Bulk24","department":"Engineering","salary":200000,"active":true},"timestampMs":1789633600883}
{"sequenceNumber":455,"operation":"INSERT","tableName":"employees","payload":{"name":"Bulk25","department":"Engineering","salary":200000,"active":true},"timestampMs":1789633600897}
{"sequenceNumber":456,"operation":"INSERT","tableName":"employees","payload":{"name":"Bulk26","department":"Engineering","salary":200000,"active":true},"timestampMs":1789633600911}
{"sequenceNumber":457,"operation":"INSERT","tableName":"employees","payload":{"name":"Bulk27","department":"Engineering","salary":200000,"active":true},"timestampMs":1789633600925}
{"sequenceNumber":458,"operation":"INSERT","tableName":"employees","payload":{"name":"Bulk28","department":"Engineering","salary":200000,"active":true},"timestampMs":1789633600939}
{"sequenceNumber":459,"operation":"INSERT","tableName":"employees","payload":{"name":"Bulk29","department":"Engineering","salary":200000,"active":true},"timestampMs":1789633600951}
{"sequenceNumber":460,"operation":"INSERT","tableName":"employees","payload":{"name":"Bulk30","department":"Engineering","salary":200000,"active":true},"timestampMs":1789633600965}
{"sequenceNumber":461,"operation":"INSERT","tableName":"employees","payload":{"name":"Bulk31","department":"Engineering","salary":200000,"active":true},"timestampMs":1789633600980}
{"sequenceNumber":462,"operation":"INSERT","tableName":"employees","payload":{"name":"Bulk32","department":"Engineering","salary":200000,"active":true},"timestampMs":1789633600992}
{"sequenceNumber":463,"operation":"INSERT","tableName":"employees","payload":{"name":"Bulk33","department":"Engineering","salary":200000,"active":true},"timestampMs":1789633601006}
{"sequenceNumber":464,"operation":"INSERT","tableName":"employees","payload":{"name":"Bulk34","department":"Engineering","salary":200000,"active":true},"timestampMs":1789633601021}
{"sequenceNumber":465,"operation":"INSERT","tableName":"employees","payload":{"name":"Bulk35","department":"Engineering","salary":200000,"active":true},"timestampMs":1789633601034}
{"sequenceNumber":466,"operation":"INSERT","tableName":"employees","payload":{"name":"Bulk36","department":"Engineering","salary":200000,"active":true},"timestampMs":1789633601048}
{"sequenceNumber":467,"operation":"INSERT","tableName":"employees","payload":{"name":"Bulk37","department":"Engineering","salary":200000,"active":true},"timestampMs":1789633601062}
{"sequenceNumber":468,"operation":"INSERT","tableName":"employees","payload":{"name":"Bulk38","department":"Engineering","salary":200000,"active":true},"timestampMs":1789633601076}
{"sequenceNumber":469,"operation":"INSERT","tableName":"employees","payload":{"name":"Bulk39","department":"Engineering","salary":200000,"active":true},"timestampMs":1789633601090}
{"sequenceNumber":470,"operation":"INSERT","tableName":"employees","payload":{"name":"Bulk40","department":"Engineering","salary":200000,"active":true},"timestampMs":1789633601104}
{"sequenceNumber":471,"operation":"DELETE","tableName":"employees","payload":{"id":10,"name":"Bulk1","department":"Engineering","salary":200000,"active":true},"timestampMs":1789633608799}
{"sequenceNumber":472,"operation":"DELETE","tableName":"employees","payload":{"id":11,"name":"Bulk2","department":"Engineering","salary":200000,"active":true},"timestampMs":1789633608799}
{"sequenceNumber":473,"operation":"DELETE","tableName":"employees","payload":{"id":12,"name":"Bulk3","department":"Engineering","salary":200000,"active":true},"timestampMs":1789633608799}
{"sequenceNumber":474,"operation":"DELETE","tableName":"employees","payload":{"id":13,"name":"Bulk4","department":"Engineering","salary":200000,"active":true},"timestampMs":1789633608799}
{"sequenceNumber":475,"operation":"DELETE","tableName":"employees","payload":{"id":14,"name":"Bulk5","department":"Engineering","salary":200000,"active":true},"timestampMs":1789633608799}
{"sequenceNumber":476,"operation":"DELETE","tableName":"employees","payload":{"id":15,"name":"Bulk6","department":"Engineering","salary":200000,"active":true},"timestampMs":1789633608799}
{"sequenceNumber":477,"operation":"DELETE","tableName":"employees","payload":{"id":16,"name":"Bulk7","department":"Engineering","salary":200000,"active":true},"timestampMs":1789633608799}
{"sequenceNumber":478,"operation":"DELETE","tableName":"employees","payload":{"id":17,"name":"Bulk8","department":"Engineering","salary":200000,"active":true},"timestampMs":1789633608799}
{"sequenceNumber":479,"operation":"DELETE","tableName":"employees","payload":{"id":18,"name":"Bulk9","department":"Engineering","salary":200000,"active":true},"timestampMs":1789633608799}
{"sequenceNumber":480,"operation":"DELETE","tableName":"employees","payload":{"id":19,"name":"Bulk10","department":"Engineering","salary":200000,"active":true},"timestampMs":1789633608799}
{"sequenceNumber":481,"operation":"DELETE","tableName":"employees","payload":{"id":20,"name":"Bulk11","department":"Engineering","salary":200000,"active":true},"timestampMs":1789633608799}
{"sequenceNumber":482,"operation":"DELETE","tableName":"employees","payload":{"id":21,"name":"Bulk12","department":"Engineering","salary":200000,"active":true},"timestampMs":1789633608799}
{"sequenceNumber":483,"operation":"DELETE","tableName":"employees","payload":{"id":22,"name":"Bulk13","department":"Engineering","salary":200000,"active":true},"timestampMs":1789633608799}
{"sequenceNumber":484,"operation":"DELETE","tableName":"employees","payload":{"id":23,"name":"Bulk14","department":"Engineering","salary":200000,"active":true},"timestampMs":1789633608799}
{"sequenceNumber":485,"operation":"DELETE","tableName":"employees","payload":{"id":24,"name":"Bulk15","department":"Engineering","salary":200000,"active":true},"timestampMs":1789633608799}
{"sequenceNumber":486,"operation":"DELETE","tableName":"employees","payload":{"id":25,"name":"Bulk16","department":"Engineering","salary":200000,"active":true},"timestampMs":1789633608799}
{"sequenceNumber":487,"operation":"DELETE","tableName":"employees","payload":{"id":26,"name":"Bulk17","department":"Engineering","salary":200000,"active":true},"timestampMs":1789633608799}
{"sequenceNumber":488,"operation":"DELETE","tableName":"employees","payload":{"id":27,"name":"Bulk18","department":"Engineering","salary":200000,"active":true},"timestampMs":1789633608799}
{"sequenceNumber":489,"operation":"DELETE","tableName":"employees","payload":{"id":28,"name":"Bulk19","department":"Engineering","salary":200000,"active":true},"timestampMs":1789633608799}
{"sequenceNumber":490,"operation":"DELETE","tableName":"employees","payload":{"id":29,"name":"Bulk20","department":"Engineering","salary":200000,"active":true},"timestampMs":1789633608799}
{"sequenceNumber":491,"operation":"DELETE","tableName":"employees","payload":{"id":30,"name":"Bulk21","department":"Engineering","salary":200000,"active":true},"timestampMs":1789633608799}
{"sequenceNumber":492,"operation":"DELETE","tableName":"employees","payload":{"id":31,"name":"Bulk22","department":"Engineering","salary":200000,"active":true},"timestampMs":1789633608799}
{"sequenceNumber":493,"operation":"DELETE","tableName":"employees","payload":{"id":32,"name":"Bulk23","department":"Engineering","salary":200000,"active":true},"timestampMs":1789633608799}
{"sequenceNumber":494,"operation":"DELETE","tableName":"employees","payload":{"id":33,"name":"Bulk24","department":"Engineering","salary":200000,"active":true},"timestampMs":1789633608799}
{"sequenceNumber":495,"operation":"DELETE","tableName":"employees","payload":{"id":34,"name":"Bulk25","department":"Engineering","salary":200000,"active":true},"timestampMs":1789633608799}
{"sequenceNumber":496,"operation":"DELETE","tableName":"employees","payload":{"id":35,"name":"Bulk26","department":"Engineering","salary":200000,"active":true},"timestampMs":1789633608799}
{"sequenceNumber":497,"operation":"DELETE","tableName":"employees","payload":{"id":36,"name":"Bulk27","department":"Engineering","salary":200000,"active":true},"timestampMs":1789633608799}
{"sequenceNumber":498,"operation":"DELETE","tableName":"employees","payload":{"id":37,"name":"Bulk28","department":"Engineering","salary":200000,"active":true},"timestampMs":1789633608799}
{"sequenceNumber":499,"operation":"DELETE","tableName":"employees","payload":{"id":38,"name":"Bulk29","department":"Engineering","salary":200000,"active":true},"timestampMs":1789633608799}
{"sequenceNumber":500,"operation":"DELETE","tableName":"employees","payload":{"id":39,"name":"Bulk30","department":"Engineering","salary":200000,"active":true},"timestampMs":1789633608799}
{"sequenceNumber":501,"operation":"DELETE","tableName":"employees","payload":{"id":40,"name":"Bulk31","department":"Engineering","salary":200000,"active":true},"timestampMs":1789633608799}
{"sequenceNumber":502,"operation":"DELETE","tableName":"employees","payload":{"id":41,"name":"Bulk32","department":"Engineering","salary":200000,"active":true},"timestampMs":1789633608799}
{"sequenceNumber":503,"operation":"DELETE","tableName":"employees","payload":{"id":42,"name":"Bulk33","department":"Engineering","salary":200000,"active":true},"timestampMs":1789633608799}
{"sequenceNumber":504,"operation":"DELETE","tableName":"employees","payload":{"id":43,"name":"Bulk34","department":"Engineering","salary":200000,"active":true},"timestampMs":1789633608799}
{"sequenceNumber":505,"operation":"DELETE","tableName":"employees","payload":{"id":44,"name":"Bulk35","department":"Engineering","salary":200000,"active":true},"timestampMs":1789633608799}
{"sequenceNumber":506,"operation":"DELETE","tableName":"employees","payload":{"id":45,"name":"Bulk36","department":"Engineering","salary":200000,"active":true},"timestampMs":1789633608799}
{"sequenceNumber":507,"operation":"DELETE","tableName":"employees","payload":{"id":46,"name":"Bulk37","department":"Engineering","salary":200000,"active":true},"timestampMs":1789633608799}
{"sequenceNumber":508,"operation":"DELETE","tableName":"employees","payload":{"id":47,"name":"Bulk38","department":"Engineering","salary":200000,"active":true},"timestampMs":1789633608799}
{"sequenceNumber":509,"operation":"DELETE","tableName":"employees","payload":{"id":48,"name":"Bulk39","department":"Engineering","salary":200000,"active":true},"timestampMs":1789633608799}
{"sequenceNumber":510,"operation":"DELETE","tableName":"employees","payload":{"id":49,"name":"Bulk40","department":"Engineering","salary":200000,"active":true},"timestampMs":1789633608799}
